O O O O B-toloc.city_name O B-arrive_date.day_number B-arrive_date.month_name
O 
O O O B-money.cost_relative O B-money.price I-money.price O B-toloc.city_name
O
O O O O O B-toloc.city_name
O O O O O B-toloc.city_name
O O
O O O B-hotel O B-toloc.state_name